MPLINK 5.09, LINKER
Linker Map File - Created Mon Mar 25 18:44:24 2019

                                 Section Info
                  Section       Type    Address   Location Size(Bytes)
                ---------  ---------  ---------  ---------  ---------
                   .org_0       code   0x000000    program   0x000002
                   .cinit    romdata   0x000001    program   0x000004
                   .org_1       code   0x000004    program   0x000018
.config_2007_BUILD/DEFAULT/PRODUCTION/_EXT/17       code   0x002007    program   0x000002



                              Program Memory Usage 
                               Start         End      
                           ---------   ---------      
                            0x000000    0x000002      
                            0x000004    0x00000f      
                            0x002007    0x002007      
            16 out of 1094 program addresses used, program memory utilization is 1%



                              Symbols - Sorted by Name
                     Name    Address   Location    Storage File                     
                ---------  ---------  ---------  --------- ---------                
                     Loop   0x00000d    program     static C:\Users\Vincente\Documents\Frequency_ClkGen_100Hz.asm
                     Main   0x00000a    program     static C:\Users\Vincente\Documents\Frequency_ClkGen_100Hz.asm
           One_Loop_Delay   0x00000b    program     static C:\Users\Vincente\Documents\Frequency_ClkGen_100Hz.asm
                    START   0x000005    program     static C:\Users\Vincente\Documents\Frequency_ClkGen_100Hz.asm



                              Symbols - Sorted by Address
                     Name    Address   Location    Storage File                     
                ---------  ---------  ---------  --------- ---------                
                    START   0x000005    program     static C:\Users\Vincente\Documents\Frequency_ClkGen_100Hz.asm
                     Main   0x00000a    program     static C:\Users\Vincente\Documents\Frequency_ClkGen_100Hz.asm
           One_Loop_Delay   0x00000b    program     static C:\Users\Vincente\Documents\Frequency_ClkGen_100Hz.asm
                     Loop   0x00000d    program     static C:\Users\Vincente\Documents\Frequency_ClkGen_100Hz.asm


