MPLINK 5.09, LINKER
Linker Map File - Created Sun Mar 24 11:48:48 2019

                                 Section Info
                  Section       Type    Address   Location Size(Bytes)
                ---------  ---------  ---------  ---------  ---------
                   .org_0       code   0x000000    program   0x000000
                   .org_1       code   0x000000    program   0x000002
                   .org_2       code   0x000004    program   0x00002a
.config_2007_LAB5_COUNT_1S.O       code   0x002007    program   0x000002



                              Program Memory Usage 
                               Start         End      
                           ---------   ---------      
                            0x000000    0x000000      
                            0x000004    0x000018      
                            0x002007    0x002007      
            23 out of 1094 program addresses used, program memory utilization is 2%



                              Symbols - Sorted by Name
                     Name    Address   Location    Storage File                     
                ---------  ---------  ---------  --------- ---------                
                     Loop   0x000011    program     static C:\Users\Vincente\Documents\Lab 4\Lab5_Count_1s.asm
                     Main   0x00000c    program     static C:\Users\Vincente\Documents\Lab 4\Lab5_Count_1s.asm
                    START   0x000005    program     static C:\Users\Vincente\Documents\Lab 4\Lab5_Count_1s.asm



                              Symbols - Sorted by Address
                     Name    Address   Location    Storage File                     
                ---------  ---------  ---------  --------- ---------                
                    START   0x000005    program     static C:\Users\Vincente\Documents\Lab 4\Lab5_Count_1s.asm
                     Main   0x00000c    program     static C:\Users\Vincente\Documents\Lab 4\Lab5_Count_1s.asm
                     Loop   0x000011    program     static C:\Users\Vincente\Documents\Lab 4\Lab5_Count_1s.asm


